
> fooddelivery-fe@0.0.0 build
> tsc -b && vite build

src/features/admin/users/UserManagement.tsx(53,9): error TS6133: 'getStatusBadge' is declared but its value is never read.
src/features/customer/layout/CustomerLayout.tsx(19,10): error TS2614: Module '"../../../api/api"' has no exported member 'notificationApi'. Did you mean to use 'import notificationApi from "../../../api/api"' instead?
src/features/customer/notifications/NotificationsPage.tsx(5,10): error TS2614: Module '"../../../api/api"' has no exported member 'notificationApi'. Did you mean to use 'import notificationApi from "../../../api/api"' instead?
src/features/customer/orders/OrderDetailPage.tsx(175,22): error TS2304: Cannot find name 'Link'.
src/features/customer/orders/OrderDetailPage.tsx(191,23): error TS2304: Cannot find name 'Link'.
src/features/customer/orders/OrderDetailPage.tsx(211,81): error TS2304: Cannot find name 'X'.
src/features/customer/orders/OrderDetailPage.tsx(304,37): error TS18048: 'order.paymentStatusName' is possibly 'undefined'.
src/features/customer/orders/OrderDetailPage.tsx(304,79): error TS18048: 'order.paymentStatusName' is possibly 'undefined'.
src/features/manager/layout/ManagerLayout.tsx(9,3): error TS6133: 'Building2' is declared but its value is never read.
src/features/manager/layout/ManagerLayout.tsx(12,3): error TS6133: 'Wallet' is declared but its value is never read.
src/features/manager/layout/ManagerLayout.tsx(23,10): error TS6133: 'userApi' is declared but its value is never read.
src/features/manager/layout/ManagerLayout.tsx(171,20): error TS2304: Cannot find name 'ChevronRight'.
src/features/manager/orders/OrderDashboard.tsx(2,59): error TS6133: 'Eye' is declared but its value is never read.
src/features/manager/orders/OrderDashboard.tsx(2,64): error TS6133: 'Receipt' is declared but its value is never read.
src/features/manager/orders/OrderDashboard.tsx(2,97): error TS6133: 'ChevronRight' is declared but its value is never read.
